Access جاهز، تصميم أحمد حسن عبد النبي.
الإصدار 2.6.
الإحصائيات. لاعب.
اضغط Enter للاختيار.
القائمة الرئيسية. ابدأ اللعبة.
اضغط Enter للاختيار.
خيارات.
اضغط Enter للاختيار.
ابدأ اللعبة.
اضغط Enter للاختيار.
لعبة جديدة. لعبة جديدة.
اضغط Enter للاختيار.
قبضتان.
مهمة. الرسم على الأراضي. غطِّ شعارات الفاغوس والبالاس للاستيلاء على الأراضي. تبدأ أيدلوود، علامة مهمة تاغينغ أب تيرف في لوس سانتوس. أمامك، على بعد 26 خطوة.
أنت داخل غانتون, لوس سانتوس.
بعد خمس سنوات على الساحل الشرقي، حان وقت العودة إلى الديار.
(Phone ringing)
ما الأخبار؟
كارل، إنه سويت.
ما الأخبار يا سويت، ماذا تريد؟
إنها أمي... لقد ماتت يا أخي.
أنت داخل جيفرسون, لوس سانتوس.
استلمت 350 دولاراً.
الكل. 61 عناصر.
سيارة. majestic اللون فاتح مع غامق، 14 خطوة. الإحداثيات 2267، -1270، 23.
أماكن. 20 عناصر.
بيت 1، 30 خطوة. الإحداثيات 2250، -1280، 25.
الكل. 61 عناصر.
سيارة. majestic اللون فاتح مع غامق، 14 خطوة. الإحداثيات 2267، -1270، 23.
سيارة. majestic اللون فاتح مع غامق، 14 خطوة. الإحداثيات 2267، -1270، 23.
نتبع: majestic, سيارة 1.
اركب الدراجة.
فُتحت قائمة أكواد الشفرات. الأسلحة والقتال. مجموعة الأسلحة 1، أدوات البلطجية. 1 من 7.
مجموعة الأسلحة 1، أدوات البلطجية. 1 من 7.
مجموعة الأسلحة 2، عدة المحترفين. 2 من 7.
مجموعة الأسلحة 1، أدوات البلطجية. 1 من 7.
مجموعة الأسلحة 2، عدة المحترفين. 2 من 7.
مجموعة الأسلحة 3، أدوات المجانين. 3 من 7.
تم التفعيل: مجموعة الأسلحة 3، أدوات المجانين.
استلمت المنشار الكهربائي.
استلمت silenced 9mm pistol مع 40 ذخيرة.
استلمت بندقية قتال قصيرة spas-12 مع 30 ذخيرة.
استلمت mp5 مع 100 ذخيرة.
استلمت m4 carbine مع 150 ذخيرة.
استلمت قاذف صواريخ يتعقب الحرارة مع 200 ذخيرة.
استلمت عبوات ناسفة عن بعد مع 5 ذخيرة.
Chainsaw. melee.
Silenced Pistol. shotgun.
التصويب الذكي المتواصل مفعّل.
قائمة الإيقاف. استئناف.
اضغط Enter للاختيار.
أُلغيت الملاحقة.
Target: vehicle, directly in front, 8 steps..
Target: vehicle, to your left-front, 13 steps..
Target: vehicle, behind to your right, 12 steps..
دُمّرت المركبة.
المركبة القريبة دُمرت.
Target: vehicle, directly in front, 18 steps..
Target: person, to your left-front, 19 steps..
قُضي على الهدف.
مات شخص قريب.
Target: vehicle, directly in front, 20 steps..
قائمة الإيقاف. استئناف.
اضغط Enter للاختيار.
دُمّرت المركبة.
المركبة القريبة دُمرت.
Target: vehicle, to your left-front, 20 steps..
Chainsaw. melee.
فُتحت قائمة أكواد الشفرات. الأسلحة والقتال. مجموعة الأسلحة 3، أدوات المجانين. 1 من 7.
مجموعة الأسلحة 2، عدة المحترفين. 2 من 7.
مجموعة الأسلحة 3، أدوات المجانين. 3 من 7.
تم التفعيل: مجموعة الأسلحة 3، أدوات المجانين.
استلمت 40 ذخيرة for silenced 9mm pistol.
استلمت 30 ذخيرة for بندقية قتال قصيرة spas-12.
استلمت 100 ذخيرة for mp5.
استلمت 150 ذخيرة for m4 carbine.
استلمت 200 ذخيرة for قاذف صواريخ يتعقب الحرارة.
استلمت 5 ذخيرة for عبوات ناسفة عن بعد.
مات شخص قريب.
Silenced Pistol. shotgun.
Chainsaw. melee.
قبضتان.
مات شخص قريب.
Satchel Charge. tool.
قبضتان.
المركبة القريبة دُمرت.
Chainsaw. melee.
مات شخص قريب.
قبضتان.
Satchel Charge. tool.
Heat-Seeking Rocket Launcher. heavy.
M4. rifle.
MP5. SMG.
Combat Shotgun. SMG.
Silenced Pistol. shotgun.
Chainsaw. melee.
قبضتان.
Chainsaw. melee.
Silenced Pistol. shotgun.
Target: vehicle, directly in front, 19 steps..
فُتحت قائمة أكواد الشفرات. الأسلحة والقتال. مجموعة الأسلحة 3، أدوات المجانين. 1 من 7.
ذخيرة لا نهائية بلا إعادة تعبئة. 4 من 7.
تم التفعيل: ذخيرة لا نهائية بلا إعادة تعبئة.
التصويب الذكي المتواصل متوقف.
التصويب الذكي المتواصل مفعّل.
Target: vehicle, directly in front, 19 steps..
دُمّرت المركبة.
المركبة القريبة دُمرت.
Target: person, directly in front, 20 steps..
قُضي على الهدف.
مات شخص قريب.
Target: vehicle, to your right-front, 21 steps..
Target: person, to your right-front, 23 steps..
مات شخص قريب.
المركبة القريبة دُمرت.
مات شخص قريب.
مات شخص قريب.
الصحة 100 بالمئة. الدرع 0 بالمئة.
Target: vehicle, to your left-front, 22 steps..
المركبة القريبة تحترق.
دُمّرت المركبة.
المركبة القريبة دُمرت.
Target: person, to your left-front, 24 steps..
قُضي على الهدف.
مات شخص قريب.
Target: person, to your right-front, 28 steps..
قُضي على الهدف.
مات شخص قريب.
Target: person, to your right-front, 29 steps..
Target: vehicle, to your right-front, 29 steps..
دُمّرت المركبة.
المركبة القريبة دُمرت.
Target: person, to your right-front, 30 steps..
مات شخص قريب.
Target: person, to your left-front, 31 steps..
الكل. 66 عناصر.
دراجة بي إم إكس. bmx اللون أحمر، تالفة, 12 خطوة. الإحداثيات 2246، -1263، 23.
مهام. 116 عناصر.
مهمة. صنع في الجنة (بنك البلدة الصغيرة). تبدأ catalina's cabin في the مقاطعة ريد hills in مقاطعة ريد. إلى يمينك, 231 خطوة.
أشخاص. 15 عناصر.
شخص، ميت, ميت, 20 خطوة. الإحداثيات 2261، -1271، 23.
شرطة. فارغ.
مركبات. 15 عناصر.
دراجة بي إم إكس. bmx اللون أحمر، تالفة, 12 خطوة. الإحداثيات 2246، -1263، 23.
دراجة بي إم إكس. bmx اللون أحمر، تالفة, 12 خطوة. الإحداثيات 2246، -1263، 23.
أُغلق المتتبع.
قائمة الإيقاف. استئناف.
اضغط Enter للاختيار.
إنهاء اللعبة.
اضغط Enter للاختيار.
صفحة القائمة 35. لا.
اضغط Enter للاختيار.
نعم.
اضغط Enter للاختيار.
صفحة القائمة 43.
